// Jest Snapshot v1, https://goo.gl/fbAQLP

exports[`NotFound main Component should render correctly 1`] = `
<div>
  <h1>
    404 - 
    <snan>
      page not found...
    </snan>
  </h1>
  <p>
    The page you are looking for is not available...
  </p>
  <p>
    We apologize for any inconvenience....
  </p>
</div>
`;
