// Jest Snapshot v1, https://goo.gl/fbAQLP

exports[`Navbar main Component should render correctly 1`] = `
<div
  className="makeStyles-root-1"
>
  <CssBaseline />
  <WithStyles(ForwardRef(AppBar))
    className="makeStyles-appBar-2"
    position="fixed"
  >
    <WithStyles(ForwardRef(Toolbar))>
      <WithStyles(ForwardRef(IconButton))
        aria-label="open drawer"
        className="makeStyles-menuButton-4"
        color="inherit"
        edge="start"
        onClick={[Function]}
      >
        <MenuIcon />
      </WithStyles(ForwardRef(IconButton))>
      <WithStyles(ForwardRef(Typography))
        noWrap={true}
        variant="h6"
      >
        DriveYou
      </WithStyles(ForwardRef(Typography))>
    </WithStyles(ForwardRef(Toolbar))>
  </WithStyles(ForwardRef(AppBar))>
  <WithStyles(ForwardRef(Drawer))
    className="makeStyles-drawer-6 makeStyles-drawerClose-8"
    classes={
      Object {
        "paper": "makeStyles-drawerClose-8",
      }
    }
    open={false}
    variant="permanent"
  >
    <div
      className="makeStyles-toolbar-9"
    >
      <WithStyles(ForwardRef(ListItemText))
        primary=""
        secondary={
          <React.Fragment>
            <ForwardRef(WithStyles)
              component="span"
              variant="caption"
            >
              v.0.0.1-alpha
            </ForwardRef(WithStyles)>
          </React.Fragment>
        }
      />
      <WithStyles(ForwardRef(IconButton))
        onClick={[Function]}
      >
        <ChevronLeftIcon />
      </WithStyles(ForwardRef(IconButton))>
    </div>
    <WithStyles(ForwardRef(Divider)) />
    <WithStyles(ForwardRef(List))>
      <WithStyles(ForwardRef(ListItem))
        button={true}
        component={
          Object {
            "$$typeof": Symbol(react.forward_ref),
            "displayName": "Link",
            "propTypes": Object {
              "innerRef": [Function],
              "onClick": [Function],
              "replace": [Function],
              "target": [Function],
              "to": [Function],
            },
            "render": [Function],
          }
        }
        to="/customer"
      >
        <WithStyles(ForwardRef(ListItemIcon))>
          <ContactsIcon />
        </WithStyles(ForwardRef(ListItemIcon))>
        <WithStyles(ForwardRef(ListItemText))
          primary="Customer"
        />
      </WithStyles(ForwardRef(ListItem))>
      <WithStyles(ForwardRef(ListItem))
        button={true}
        component={
          Object {
            "$$typeof": Symbol(react.forward_ref),
            "displayName": "Link",
            "propTypes": Object {
              "innerRef": [Function],
              "onClick": [Function],
              "replace": [Function],
              "target": [Function],
              "to": [Function],
            },
            "render": [Function],
          }
        }
        to="/theorylesson"
      >
        <WithStyles(ForwardRef(ListItemIcon))>
          <AssignmentIcon />
        </WithStyles(ForwardRef(ListItemIcon))>
        <WithStyles(ForwardRef(ListItemText))
          primary="Theory Lesson"
        />
      </WithStyles(ForwardRef(ListItem))>
      <WithStyles(ForwardRef(ListItem))
        button={true}
        component={
          Object {
            "$$typeof": Symbol(react.forward_ref),
            "displayName": "Link",
            "propTypes": Object {
              "innerRef": [Function],
              "onClick": [Function],
              "replace": [Function],
              "target": [Function],
              "to": [Function],
            },
            "render": [Function],
          }
        }
        to="/drivelesson"
      >
        <WithStyles(ForwardRef(ListItemIcon))>
          <DriveEtaIcon />
        </WithStyles(ForwardRef(ListItemIcon))>
        <WithStyles(ForwardRef(ListItemText))
          primary="Drive Lesson"
        />
      </WithStyles(ForwardRef(ListItem))>
      <WithStyles(ForwardRef(ListItem))
        button={true}
        component={
          Object {
            "$$typeof": Symbol(react.forward_ref),
            "displayName": "Link",
            "propTypes": Object {
              "innerRef": [Function],
              "onClick": [Function],
              "replace": [Function],
              "target": [Function],
              "to": [Function],
            },
            "render": [Function],
          }
        }
        to="/payment"
      >
        <WithStyles(ForwardRef(ListItemIcon))>
          <AccountBalanceWalletIcon />
        </WithStyles(ForwardRef(ListItemIcon))>
        <WithStyles(ForwardRef(ListItemText))
          primary="Payment"
        />
      </WithStyles(ForwardRef(ListItem))>
    </WithStyles(ForwardRef(List))>
    <WithStyles(ForwardRef(Divider)) />
    <WithStyles(ForwardRef(List))>
      <WithStyles(ForwardRef(ListItem))
        button={true}
        component={
          Object {
            "$$typeof": Symbol(react.forward_ref),
            "displayName": "Link",
            "propTypes": Object {
              "innerRef": [Function],
              "onClick": [Function],
              "replace": [Function],
              "target": [Function],
              "to": [Function],
            },
            "render": [Function],
          }
        }
        to="/company"
      >
        <WithStyles(ForwardRef(ListItemIcon))>
          <BusinessIcon />
        </WithStyles(ForwardRef(ListItemIcon))>
        <WithStyles(ForwardRef(ListItemText))
          primary="Company"
        />
      </WithStyles(ForwardRef(ListItem))>
      <WithStyles(ForwardRef(ListItem))
        button={true}
        component={
          Object {
            "$$typeof": Symbol(react.forward_ref),
            "displayName": "Link",
            "propTypes": Object {
              "innerRef": [Function],
              "onClick": [Function],
              "replace": [Function],
              "target": [Function],
              "to": [Function],
            },
            "render": [Function],
          }
        }
        to="/employee"
      >
        <WithStyles(ForwardRef(ListItemIcon))>
          <PersonIcon />
        </WithStyles(ForwardRef(ListItemIcon))>
        <WithStyles(ForwardRef(ListItemText))
          primary="Employee"
        />
      </WithStyles(ForwardRef(ListItem))>
      <WithStyles(ForwardRef(ListItem))
        button={true}
        component={
          Object {
            "$$typeof": Symbol(react.forward_ref),
            "displayName": "Link",
            "propTypes": Object {
              "innerRef": [Function],
              "onClick": [Function],
              "replace": [Function],
              "target": [Function],
              "to": [Function],
            },
            "render": [Function],
          }
        }
        to="/accounting"
      >
        <WithStyles(ForwardRef(ListItemIcon))>
          <AccountBalanceIcon />
        </WithStyles(ForwardRef(ListItemIcon))>
        <WithStyles(ForwardRef(ListItemText))
          primary="Accounting"
        />
      </WithStyles(ForwardRef(ListItem))>
      <WithStyles(ForwardRef(ListItem))
        button={true}
        component={
          Object {
            "$$typeof": Symbol(react.forward_ref),
            "displayName": "Link",
            "propTypes": Object {
              "innerRef": [Function],
              "onClick": [Function],
              "replace": [Function],
              "target": [Function],
              "to": [Function],
            },
            "render": [Function],
          }
        }
        to="/dashboard"
      >
        <WithStyles(ForwardRef(ListItemIcon))>
          <DashboardIcon />
        </WithStyles(ForwardRef(ListItemIcon))>
        <WithStyles(ForwardRef(ListItemText))
          primary="Dashboard"
        />
      </WithStyles(ForwardRef(ListItem))>
    </WithStyles(ForwardRef(List))>
  </WithStyles(ForwardRef(Drawer))>
  <main
    className="makeStyles-content-10"
  >
    <div
      className="makeStyles-toolbar-9"
    />
  </main>
</div>
`;
